// Jest Snapshot v1, https://goo.gl/fbAQLP

exports[`Textarea Textarea: renders correctly 1`] = `
<View
  style={
    Object {
      "alignItems": "center",
      "backgroundColor": "#F5FCFF",
      "flex": 1,
      "justifyContent": "center",
    }
  }
>
  <Text
    accessible={true}
    allowFontScaling={true}
    ellipsizeMode="tail"
    style={
      Object {
        "color": "#333333",
        "marginBottom": 5,
        "textAlign": "left",
      }
    }
  >
    Content
  </Text>
  <TextInput
    allowFontScaling={true}
    multiline={true}
    style={
      Object {
        "borderColor": "gray",
        "borderRadius": 5,
        "borderWidth": 1,
        "height": 150,
        "width": 300,
      }
    }
    value=""
  />
</View>
`;
