// Jest Snapshot v1, https://goo.gl/fbAQLP

exports[`Content renders correctly 1`] = `
<View
  style={
    Array [
      Object {
        "width": "100%",
      },
      undefined,
    ]
  }
>
  <View
    style={
      Object {
        "alignItems": "center",
        "flexDirection": "row",
      }
    }
  >
    <Text
      accessible={true}
      allowFontScaling={true}
      ellipsizeMode="tail"
      style={
        Object {
          "fontStyle": "italic",
          "paddingVertical": 10,
        }
      }
    >
      Please type your note below
    </Text>
    <Text
      accessible={true}
      allowFontScaling={false}
      ellipsizeMode="tail"
      style={
        Array [
          Object {
            "color": "black",
            "fontSize": 18,
          },
          Object {
            "padding": 10,
          },
          Object {
            "fontFamily": "fontcustom",
            "fontStyle": "normal",
            "fontWeight": "normal",
          },
        ]
      }
    >
      ï„¨
    </Text>
  </View>
  <TextInput
    allowFontScaling={true}
    multiline={true}
    onChangeText={[Function]}
    style={
      Object {
        "backgroundColor": "white",
        "borderColor": "gray",
        "borderWidth": 1,
        "flex": 1,
        "padding": 5,
        "textAlignVertical": "top",
        "width": "100%",
      }
    }
    underlineColorAndroid="transparent"
    value=""
  />
</View>
`;
