// Jest Snapshot v1, https://goo.gl/fbAQLP

exports[`Loader Snapshot 1`] = `
<Modal
  animationType="fade"
  hardwareAccelerated={false}
  transparent={true}
  visible={true}
>
  <View
    style={
      Array [
        Object {
          "backgroundColor": "#00000033",
          "flex": 1,
          "justifyContent": "center",
        },
        Object {
          "flexDirection": "row",
          "justifyContent": "space-around",
          "padding": 10,
        },
      ]
    }
  >
    <ActivityIndicator
      animating={true}
      color="#cc0000"
      hidesWhenStopped={true}
      size="large"
    />
  </View>
</Modal>
`;
