// Jest Snapshot v1, https://goo.gl/fbAQLP

exports[`Loader Loader: renders correctly 1`] = `
<Modal
  animationType="slide"
  hardwareAccelerated={false}
  transparent={true}
  visible={false}
>
  <View
    style={
      Object {
        "alignItems": "center",
        "backgroundColor": "background: rgba(170, 169, 169, 0.5)",
        "flex": 1,
        "justifyContent": "center",
      }
    }
  >
    <ActivityIndicator
      animating={true}
      color="#ff0000"
      hidesWhenStopped={true}
      size="large"
    />
  </View>
</Modal>
`;
