// Jest Snapshot v1, https://goo.gl/fbAQLP

exports[`ContentBox ContentBox: MatchSnapshot 1`] = `
<View
  style={
    Object {
      "flex": 1,
      "paddingLeft": 10,
      "paddingRight": 10,
      "width": "100%",
    }
  }
>
  <View
    style={
      Object {
        "alignItems": "center",
        "display": "flex",
        "flexDirection": "row",
        "justifyContent": "flex-start",
        "paddingBottom": 15,
        "paddingTop": 15,
      }
    }
  >
    <Text
      accessible={true}
      allowFontScaling={true}
      ellipsizeMode="tail"
      style={
        Object {
          "color": "#333333",
          "fontStyle": "italic",
          "justifyContent": "flex-start",
          "marginRight": 5,
        }
      }
    >
      Please type your note below.
    </Text>
    <Text
      accessible={true}
      allowFontScaling={false}
      ellipsizeMode="tail"
      style={
        Array [
          Object {
            "color": "#333333",
            "fontSize": 20,
          },
          undefined,
          Object {
            "fontFamily": "fontcustom",
            "fontStyle": "normal",
            "fontWeight": "normal",
          },
        ]
      }
    >
      ï„¨
    </Text>
  </View>
  <TextInput
    allowFontScaling={true}
    multiline={true}
    onChangeText={[Function]}
    placeholder="- Understand how react-native works.
- Build a native android and iOS app.
- Setup CI for automated builds.
- Conventions to manage the codebase."
    style={
      Object {
        "alignItems": "center",
        "backgroundColor": "white",
        "borderColor": "gray",
        "borderRadius": 3,
        "borderWidth": 1,
        "flex": 1,
        "justifyContent": "flex-start",
        "padding": 10,
        "width": "100%",
      }
    }
    underlineColorAndroid="transparent"
    value=""
  />
  <View
    style={
      Object {
        "flexDirection": "row",
        "paddingBottom": 15,
        "paddingTop": 15,
      }
    }
  >
    <View
      accessibilityComponentType={undefined}
      accessibilityLabel={undefined}
      accessibilityTraits={undefined}
      accessible={true}
      collapsable={undefined}
      hasTVPreferredFocus={undefined}
      hitSlop={undefined}
      isTVSelectable={true}
      nativeID={undefined}
      onLayout={undefined}
      onResponderGrant={[Function]}
      onResponderMove={[Function]}
      onResponderRelease={[Function]}
      onResponderTerminate={[Function]}
      onResponderTerminationRequest={[Function]}
      onStartShouldSetResponder={[Function]}
      style={
        Object {
          "flex": 1,
          "opacity": 1,
        }
      }
      testID={undefined}
      tvParallaxProperties={undefined}
    >
      <Text
        accessible={true}
        allowFontScaling={true}
        ellipsizeMode="tail"
        style={
          Object {
            "fontWeight": "bold",
          }
        }
      >
        Save
      </Text>
    </View>
    <Text
      accessible={true}
      allowFontScaling={true}
      ellipsizeMode="tail"
    >
      0
       chacters
    </Text>
  </View>
</View>
`;
