// Jest Snapshot v1, https://goo.gl/fbAQLP

exports[`AboutApp renders correctly 1`] = `
<View>
  <Text
    accessible={true}
    allowFontScaling={true}
    ellipsizeMode="tail"
  >
    About App
  </Text>
</View>
`;
