// Jest Snapshot v1, https://goo.gl/fbAQLP

exports[`About About: renders correctly 1`] = `
<View>
  <Text
    accessible={true}
    allowFontScaling={true}
    ellipsizeMode="tail"
  >
    Hello From About
  </Text>
</View>
`;
