// Jest Snapshot v1, https://goo.gl/fbAQLP

exports[`AboutDev snapshot test 1`] = `
<View
  style={
    Object {
      "alignItems": "center",
      "backgroundColor": "#F5FCFF",
      "flex": 1,
      "justifyContent": "flex-start",
      "padding": 10,
    }
  }
>
  <Text
    accessible={true}
    allowFontScaling={true}
    ellipsizeMode="tail"
  >
    This is About Developer
  </Text>
</View>
`;
