// Jest Snapshot v1, https://goo.gl/fbAQLP

exports[`App renders correctly 1`] = `
<View
  keyboardVerticalOffset={0}
  onLayout={[Function]}
  style={
    Array [
      Object {
        "alignItems": "center",
        "backgroundColor": "#F5FCFF",
        "flex": 1,
        "justifyContent": "flex-start",
        "padding": 10,
      },
      Object {
        "paddingBottom": 0,
      },
    ]
  }
>
  <View
    style={
      Object {
        "width": "100%",
      }
    }
  >
    <Text
      accessible={true}
      allowFontScaling={true}
      ellipsizeMode="tail"
      style={
        Object {
          "fontSize": 20,
          "fontWeight": "bold",
          "paddingVertical": 10,
          "textAlign": "left",
        }
      }
    >
      Note Title
    </Text>
    <TextInput
      allowFontScaling={true}
      onChangeText={[Function]}
      style={
        Object {
          "borderWidth": 1,
          "padding": 10,
        }
      }
      underlineColorAndroid="transparent"
      value=""
    />
  </View>
  <View
    style={
      Object {
        "flex": 1,
        "width": "100%",
      }
    }
  >
    <View
      style={
        Object {
          "alignItems": "center",
          "flexDirection": "row",
          "padding": 10,
        }
      }
    >
      <Text
        accessible={true}
        allowFontScaling={true}
        ellipsizeMode="tail"
        style={
          Object {
            "fontSize": 15,
            "fontStyle": "italic",
            "paddingHorizontal": 10,
            "paddingVertical": 10,
            "textAlign": "left",
          }
        }
      >
        Please type your note below
      </Text>
      <Text
        accessible={true}
        allowFontScaling={false}
        ellipsizeMode="tail"
        style={
          Array [
            Object {
              "color": undefined,
              "fontSize": 20,
            },
            undefined,
            Object {
              "fontFamily": "fontcustom",
              "fontStyle": "normal",
              "fontWeight": "normal",
            },
          ]
        }
      >
        ï„¨
      </Text>
    </View>
    <TextInput
      allowFontScaling={true}
      multiline={true}
      onChangeText={[Function]}
      style={
        Object {
          "borderWidth": 1,
          "flex": 1,
          "padding": 10,
          "textAlignVertical": "top",
        }
      }
      underlineColorAndroid="transparent"
      value=""
    />
  </View>
  <View
    style={
      Object {
        "alignItems": "center",
        "flexDirection": "row",
        "justifyContent": "space-between",
        "paddingVertical": 10,
        "width": "100%",
      }
    }
  >
    <View
      accessibilityComponentType={undefined}
      accessibilityLabel={undefined}
      accessibilityTraits={undefined}
      accessible={true}
      collapsable={undefined}
      hasTVPreferredFocus={undefined}
      hitSlop={undefined}
      isTVSelectable={true}
      nativeID={undefined}
      onLayout={undefined}
      onResponderGrant={[Function]}
      onResponderMove={[Function]}
      onResponderRelease={[Function]}
      onResponderTerminate={[Function]}
      onResponderTerminationRequest={[Function]}
      onStartShouldSetResponder={[Function]}
      style={
        Object {
          "opacity": 1,
        }
      }
      testID={undefined}
      tvParallaxProperties={undefined}
    >
      <Text
        accessible={true}
        allowFontScaling={true}
        ellipsizeMode="tail"
        style={
          Object {
            "fontSize": 15,
            "fontWeight": "bold",
          }
        }
      >
        Save
      </Text>
    </View>
    <Text
      accessible={true}
      allowFontScaling={true}
      ellipsizeMode="tail"
      style={
        Object {
          "fontSize": 15,
        }
      }
    >
      0
       characters
    </Text>
  </View>
  <View>
    <Text
      accessible={true}
      allowFontScaling={true}
      ellipsizeMode="tail"
      onPress={[Function]}
    >
      about us
    </Text>
  </View>
  <Modal
    animationOutType="fadeOut"
    animationType="none"
    hardwareAccelerated={false}
    onClose={[Function]}
    onRequestClose={[Function]}
    transparent={true}
    visible={false}
  >
    <View
      accessibilityComponentType={undefined}
      accessibilityLabel={undefined}
      accessibilityTraits={undefined}
      accessible={true}
      collapsable={undefined}
      hitSlop={undefined}
      nativeID={undefined}
      onLayout={undefined}
      onResponderGrant={[Function]}
      onResponderMove={[Function]}
      onResponderRelease={[Function]}
      onResponderTerminate={[Function]}
      onResponderTerminationRequest={[Function]}
      onStartShouldSetResponder={[Function]}
      style={
        Object {
          "backgroundColor": "rgba(228, 225, 225, 0.75)",
          "flex": 1,
          "justifyContent": "center",
          "opacity": 0,
          "padding": 20,
        }
      }
      testID={undefined}
    >
      <View
        accessibilityComponentType={undefined}
        accessibilityLabel={undefined}
        accessibilityTraits={undefined}
        accessible={true}
        hitSlop={undefined}
        nativeID={undefined}
        onLayout={undefined}
        onResponderGrant={[Function]}
        onResponderMove={[Function]}
        onResponderRelease={[Function]}
        onResponderTerminate={[Function]}
        onResponderTerminationRequest={[Function]}
        onStartShouldSetResponder={[Function]}
        style={
          Array [
            Object {
              "alignItems": "center",
              "backgroundColor": "white",
              "padding": 20,
            },
            Object {
              "backgroundColor": "transparent",
            },
          ]
        }
        testID={undefined}
      >
        <ActivityIndicator
          animating={true}
          color="#2eff00"
          hidesWhenStopped={true}
          size="large"
        />
      </View>
    </View>
  </Modal>
</View>
`;
