// Jest Snapshot v1, https://goo.gl/fbAQLP

exports[`App Check Function showFlatList 1`] = `[Function]`;

exports[`App Check Function viewOverlay 1`] = `[Function]`;

exports[`App renders correctly 1`] = `
<View
  style={
    Object {
      "flex": 1,
    }
  }
>
  <View
    style={
      Object {
        "paddingLeft": 10,
        "paddingRight": 10,
        "width": "100%",
      }
    }
  >
    <View
      style={
        Object {
          "alignItems": "center",
          "display": "flex",
          "flexDirection": "row",
          "paddingBottom": 15,
          "paddingTop": 15,
        }
      }
    >
      <Text
        accessible={true}
        allowFontScaling={true}
        ellipsizeMode="tail"
        style={
          Object {
            "flex": 1,
            "fontWeight": "bold",
            "justifyContent": "flex-start",
          }
        }
      >
        Note Title
      </Text>
      <View
        style={
          Object {
            "backgroundColor": "#EEEEEE",
            "borderColor": "gray",
            "borderRadius": 5,
            "borderWidth": 1,
            "padding": 8,
          }
        }
      >
        <Text
          accessible={true}
          allowFontScaling={true}
          ellipsizeMode="tail"
          style={
            Object {
              "fontWeight": "bold",
            }
          }
        >
          en
        </Text>
      </View>
    </View>
    <TextInput
      allowFontScaling={true}
      onChangeText={[Function]}
      placeholder="Tasks for today"
      placeholderTextColor="#000"
      style={
        Object {
          "alignItems": "center",
          "backgroundColor": "white",
          "borderColor": "gray",
          "borderRadius": 3,
          "borderWidth": 1,
          "fontWeight": "bold",
          "justifyContent": "flex-start",
          "padding": 10,
          "width": "100%",
        }
      }
      underlineColorAndroid="transparent"
      value=""
    />
  </View>
  <View
    style={
      Object {
        "flex": 1,
        "paddingLeft": 10,
        "paddingRight": 10,
        "width": "100%",
      }
    }
  >
    <View
      style={
        Object {
          "alignItems": "center",
          "display": "flex",
          "flexDirection": "row",
          "justifyContent": "flex-start",
          "paddingBottom": 15,
          "paddingTop": 15,
        }
      }
    >
      <Text
        accessible={true}
        allowFontScaling={true}
        ellipsizeMode="tail"
        style={
          Object {
            "color": "#333333",
            "fontStyle": "italic",
            "justifyContent": "flex-start",
            "marginRight": 5,
          }
        }
      >
        Please type your note below.
      </Text>
      <Text
        accessible={true}
        allowFontScaling={false}
        ellipsizeMode="tail"
        style={
          Array [
            Object {
              "color": "#333333",
              "fontSize": 20,
            },
            undefined,
            Object {
              "fontFamily": "fontcustom",
              "fontStyle": "normal",
              "fontWeight": "normal",
            },
          ]
        }
      >
        ï„¨
      </Text>
    </View>
    <TextInput
      allowFontScaling={true}
      multiline={true}
      onChangeText={[Function]}
      placeholder="- Understand how react-native works.
- Build a native android and iOS app.
- Setup CI for automated builds.
- Conventions to manage the codebase."
      style={
        Object {
          "alignItems": "center",
          "backgroundColor": "white",
          "borderColor": "gray",
          "borderRadius": 3,
          "borderWidth": 1,
          "flex": 1,
          "justifyContent": "flex-start",
          "padding": 10,
          "width": "100%",
        }
      }
      underlineColorAndroid="transparent"
      value=""
    />
    <View
      style={
        Object {
          "flexDirection": "row",
          "paddingBottom": 15,
          "paddingTop": 15,
        }
      }
    >
      <View
        accessibilityComponentType={undefined}
        accessibilityLabel={undefined}
        accessibilityTraits={undefined}
        accessible={true}
        collapsable={undefined}
        hasTVPreferredFocus={undefined}
        hitSlop={undefined}
        isTVSelectable={true}
        nativeID={undefined}
        onLayout={undefined}
        onResponderGrant={[Function]}
        onResponderMove={[Function]}
        onResponderRelease={[Function]}
        onResponderTerminate={[Function]}
        onResponderTerminationRequest={[Function]}
        onStartShouldSetResponder={[Function]}
        style={
          Object {
            "flex": 1,
            "opacity": 1,
          }
        }
        testID={undefined}
        tvParallaxProperties={undefined}
      >
        <Text
          accessible={true}
          allowFontScaling={true}
          ellipsizeMode="tail"
          style={
            Object {
              "fontWeight": "bold",
            }
          }
        >
          Save
        </Text>
      </View>
      <Text
        accessible={true}
        allowFontScaling={true}
        ellipsizeMode="tail"
      >
        0
         chacters
      </Text>
    </View>
  </View>
  <Modal
    animationOutType="fadeOut"
    animationType="none"
    hardwareAccelerated={false}
    onClose={[Function]}
    onRequestClose={[Function]}
    transparent={true}
    visible={false}
  >
    <View
      accessibilityComponentType={undefined}
      accessibilityLabel={undefined}
      accessibilityTraits={undefined}
      accessible={true}
      collapsable={undefined}
      hitSlop={undefined}
      nativeID={undefined}
      onLayout={undefined}
      onResponderGrant={[Function]}
      onResponderMove={[Function]}
      onResponderRelease={[Function]}
      onResponderTerminate={[Function]}
      onResponderTerminationRequest={[Function]}
      onStartShouldSetResponder={[Function]}
      style={
        Object {
          "backgroundColor": "rgba(37, 8, 10, 0.78)",
          "flex": 1,
          "justifyContent": "center",
          "opacity": 0,
          "padding": 20,
        }
      }
      testID={undefined}
    >
      <View
        accessibilityComponentType={undefined}
        accessibilityLabel={undefined}
        accessibilityTraits={undefined}
        accessible={true}
        hitSlop={undefined}
        nativeID={undefined}
        onLayout={undefined}
        onResponderGrant={[Function]}
        onResponderMove={[Function]}
        onResponderRelease={[Function]}
        onResponderTerminate={[Function]}
        onResponderTerminationRequest={[Function]}
        onStartShouldSetResponder={[Function]}
        style={
          Array [
            Object {
              "alignItems": "center",
              "backgroundColor": "white",
              "padding": 20,
            },
            undefined,
          ]
        }
        testID={undefined}
      >
        <Text
          accessible={true}
          allowFontScaling={true}
          ellipsizeMode="tail"
          style={
            Object {
              "fontSize": 16,
              "fontWeight": "bold",
            }
          }
        />
        <Text
          accessible={true}
          allowFontScaling={true}
          ellipsizeMode="tail"
          style={
            Object {
              "color": "#333333",
            }
          }
        />
      </View>
    </View>
  </Modal>
  <View
    accessibilityComponentType={undefined}
    accessibilityLabel={undefined}
    accessibilityTraits={undefined}
    accessible={true}
    collapsable={undefined}
    hasTVPreferredFocus={undefined}
    hitSlop={undefined}
    isTVSelectable={true}
    nativeID={undefined}
    onLayout={undefined}
    onResponderGrant={[Function]}
    onResponderMove={[Function]}
    onResponderRelease={[Function]}
    onResponderTerminate={[Function]}
    onResponderTerminationRequest={[Function]}
    onStartShouldSetResponder={[Function]}
    style={
      Object {
        "backgroundColor": "white",
        "bottom": 0,
        "display": "flex",
        "height": 50,
        "justifyContent": "center",
        "opacity": 1,
        "width": "100%",
      }
    }
    testID={undefined}
    tvParallaxProperties={undefined}
  >
    <Text
      accessible={true}
      allowFontScaling={true}
      ellipsizeMode="tail"
      style={
        Object {
          "fontWeight": "bold",
          "textAlign": "center",
        }
      }
    >
      About Us
    </Text>
  </View>
</View>
`;
