// Jest Snapshot v1, https://goo.gl/fbAQLP

exports[`rendersItem correctly 1`] = `
<Text
  accessible={true}
  allowFontScaling={true}
  ellipsizeMode="tail"
  style={
    Object {
      "padding": 3,
    }
  }
>
  title
</Text>
`;
