// Jest Snapshot v1, https://goo.gl/fbAQLP

exports[`HeaderBox HeaderBox: Should return TextArea 1`] = `
<View>
  <View
    style={
      Object {
        "alignItems": "center",
        "backgroundColor": "white",
        "height": 60,
        "justifyContent": "center",
        "paddingTop": 15,
        "width": "100%",
      }
    }
  >
    <Text
      accessible={true}
      allowFontScaling={true}
      ellipsizeMode="tail"
      style={
        Object {
          "fontSize": 18,
          "fontWeight": "bold",
        }
      }
    >
      Start taking notes.
    </Text>
  </View>
  <View
    style={
      Object {
        "backgroundColor": "#E0E0E0",
        "height": 1,
        "width": "100%",
      }
    }
  />
</View>
`;
