// Jest Snapshot v1, https://goo.gl/fbAQLP

exports[`Note generateList should have been render some JSX 1`] = `
<PlatformTouchable
  onPress={[Function]}
  style={
    Object {
      "paddingVertical": 10,
    }
  }
>
  <View>
    <Text
      accessible={true}
      allowFontScaling={true}
      ellipsizeMode="tail"
      style={
        Object {
          "fontSize": 15,
          "fontWeight": "bold",
        }
      }
    >
      someTitle
    </Text>
    <Text
      accessible={true}
      allowFontScaling={true}
      ellipsizeMode="tail"
      style={
        Object {
          "fontSize": 15,
          "padding": 10,
        }
      }
    >
      someContent
    </Text>
  </View>
</PlatformTouchable>
`;

exports[`Note snapshot test 1`] = `
<View
  style={
    Object {
      "flex": 0.3,
      "width": "100%",
    }
  }
>
  <Text
    accessible={true}
    allowFontScaling={true}
    ellipsizeMode="tail"
    style={
      Object {
        "fontWeight": "bold",
      }
    }
  >
    Notes:
  </Text>
  <RCTScrollView
    data={undefined}
    disableVirtualization={false}
    getItem={[Function]}
    getItemCount={[Function]}
    horizontal={false}
    initialNumToRender={10}
    keyExtractor={[Function]}
    maxToRenderPerBatch={10}
    numColumns={1}
    onContentSizeChange={[Function]}
    onEndReachedThreshold={2}
    onLayout={[Function]}
    onMomentumScrollEnd={[Function]}
    onScroll={[Function]}
    onScrollBeginDrag={[Function]}
    onScrollEndDrag={[Function]}
    renderItem={[Function]}
    scrollEventThrottle={50}
    stickyHeaderIndices={Array []}
    updateCellsBatchingPeriod={50}
    viewabilityConfigCallbackPairs={Array []}
    windowSize={21}
  >
    <View />
  </RCTScrollView>
  <Modal
    animationOutType="fadeOut"
    animationType="none"
    hardwareAccelerated={false}
    onClose={[Function]}
    onRequestClose={[Function]}
    transparent={true}
    visible={false}
  >
    <View
      accessibilityComponentType={undefined}
      accessibilityLabel={undefined}
      accessibilityTraits={undefined}
      accessible={true}
      collapsable={undefined}
      hitSlop={undefined}
      nativeID={undefined}
      onLayout={undefined}
      onResponderGrant={[Function]}
      onResponderMove={[Function]}
      onResponderRelease={[Function]}
      onResponderTerminate={[Function]}
      onResponderTerminationRequest={[Function]}
      onStartShouldSetResponder={[Function]}
      style={
        Object {
          "backgroundColor": "rgba(37, 8, 10, 0.78)",
          "flex": 1,
          "justifyContent": "center",
          "opacity": 0,
          "padding": 20,
        }
      }
      testID={undefined}
    >
      <View
        accessibilityComponentType={undefined}
        accessibilityLabel={undefined}
        accessibilityTraits={undefined}
        accessible={true}
        hitSlop={undefined}
        nativeID={undefined}
        onLayout={undefined}
        onResponderGrant={[Function]}
        onResponderMove={[Function]}
        onResponderRelease={[Function]}
        onResponderTerminate={[Function]}
        onResponderTerminationRequest={[Function]}
        onStartShouldSetResponder={[Function]}
        style={
          Array [
            Object {
              "alignItems": "center",
              "backgroundColor": "white",
              "padding": 20,
            },
            Object {
              "alignItems": "flex-start",
              "backgroundColor": "#eee",
            },
          ]
        }
        testID={undefined}
      >
        <Text
          accessible={true}
          allowFontScaling={true}
          ellipsizeMode="tail"
          style={
            Object {
              "fontSize": 15,
              "fontWeight": "bold",
            }
          }
        >
           
          
        </Text>
        <Text
          accessible={true}
          allowFontScaling={true}
          ellipsizeMode="tail"
          style={
            Object {
              "fontSize": 15,
              "padding": 10,
            }
          }
        >
           
          
        </Text>
      </View>
    </View>
  </Modal>
</View>
`;
