// Jest Snapshot v1, https://goo.gl/fbAQLP

exports[`Footer Footer: renders correctly 1`] = `
<View
  style={
    Object {
      "flex": 1,
      "flexDirection": "row",
      "justifyContent": "space-between",
      "padding": 10,
      "width": "100%",
    }
  }
>
  <View
    accessibilityComponentType={undefined}
    accessibilityLabel={undefined}
    accessibilityTraits={undefined}
    accessible={true}
    collapsable={undefined}
    hasTVPreferredFocus={undefined}
    hitSlop={undefined}
    isTVSelectable={true}
    nativeID={undefined}
    onLayout={undefined}
    onResponderGrant={[Function]}
    onResponderMove={[Function]}
    onResponderRelease={[Function]}
    onResponderTerminate={[Function]}
    onResponderTerminationRequest={[Function]}
    onStartShouldSetResponder={[Function]}
    style={
      Object {
        "opacity": 1,
      }
    }
    testID={undefined}
    tvParallaxProperties={undefined}
  >
    <Text
      accessible={true}
      allowFontScaling={true}
      ellipsizeMode="tail"
      style={
        Object {
          "color": "black",
          "fontWeight": "bold",
          "textAlign": "left",
        }
      }
    >
      Save
    </Text>
  </View>
  <Text
    accessible={true}
    allowFontScaling={true}
    ellipsizeMode="tail"
    style={
      Object {
        "color": "#333333",
        "textAlign": "right",
      }
    }
  >
    150 charector
  </Text>
</View>
`;
