// Jest Snapshot v1, https://goo.gl/fbAQLP

exports[`TextArea TextArea: Should return TextArea 1`] = `
<View
  style={
    Object {
      "backgroundColor": "white",
      "bottom": 0,
      "display": "flex",
      "height": 50,
      "justifyContent": "center",
      "width": "100%",
    }
  }
>
  <Text
    accessible={true}
    allowFontScaling={true}
    ellipsizeMode="tail"
    style={
      Object {
        "fontWeight": "bold",
        "textAlign": "center",
      }
    }
  >
    About Us
  </Text>
</View>
`;
